#line 1 "test"
using System;
#line default

#line 3 "test"
namespace Hoge
{
#line default

#line 5 "test"
    public class VmCls : System.Object
    
#line default
,System.ComponentModel.INotifyPropertyChanged{
public event System.ComponentModel.PropertyChangedEventHandler PropertyChanged;

#line 7 "test"
        public int PropertyA {
#line default

get{ return __PropertyA; }

set {
    if(Object.ReferenceEquals(__PropertyA, value)) return;
    
    if(Object.ReferenceEquals(__PropertyA, null) || !__PropertyA.Equals(value)) 
    {
        __PropertyA = value;
        
        if(PropertyChanged!=null)
        {
            PropertyChanged.Invoke(
                this,
                new System.ComponentModel.PropertyChangedEventArgs("PropertyA"));


        }
    }
}

#line 7 "test"
 }
#line default
private int  __PropertyA ;

#line 8 "test"
        public string PropertyB {
#line default

get{ return __PropertyB; }

set {
    if(Object.ReferenceEquals(__PropertyB, value)) return;
    
    if(Object.ReferenceEquals(__PropertyB, null) || !__PropertyB.Equals(value)) 
    {
        __PropertyB = value;
        
        if(PropertyChanged!=null)
        {
            PropertyChanged.Invoke(
                this,
                new System.ComponentModel.PropertyChangedEventArgs("PropertyB"));


        }
    }
}

#line 8 "test"
 }
#line default
private string  __PropertyB ;

#line 10 "test"
        class InnerVmCls
        
#line default
:System.ComponentModel.INotifyPropertyChanged{
public event System.ComponentModel.PropertyChangedEventHandler PropertyChanged;

#line 12 "test"
            public List<string> PropertyB {
#line default

get{ return __PropertyB; }

set {
    if(Object.ReferenceEquals(__PropertyB, value)) return;
    
    if(Object.ReferenceEquals(__PropertyB, null) || !__PropertyB.Equals(value)) 
    {
        __PropertyB = value;
        
        if(PropertyChanged!=null)
        {
            PropertyChanged.Invoke(
                this,
                new System.ComponentModel.PropertyChangedEventArgs("PropertyB"));


        }
    }
}

#line 12 "test"
 }
#line default
private List<string>  __PropertyB ;

#line 13 "test"
        }
#line default

#line 14 "test"
    }
#line default

#line 15 "test"
}
#line default
